// Jest Snapshot v1, https://goo.gl/fbAQLP

exports[`Storyshots modul-components|m-autocomplete Sandbox 1`] = `
<div
  class="m-sandboxes"
>
  <m-autocomplete-sandbox />
</div>
`;
