// Jest Snapshot v1, https://goo.gl/fbAQLP

exports[`Storyshots modul-components|m-organize-table-columns Default 1`] = `
<div
  class="m-organize-table-columns"
>
  <div
    class="m-organize-table-columns__header"
  >
    <h2
      class="m-organize-table-columns__title"
    >
      Ajouter des%(_NBSP_)scolonnes au%(_NBSP_)stableau, puis%(_NBSP_)sorganisez-les
    </h2>
     
    <p>
      Colonnes sélectionnées (5)
    </p>
  </div>
   
  <ul
    class="m-organize-table-columns__visible-columns m--is-sortable m--is-droppable"
    items="[object Object],[object Object],[object Object],[object Object],[object Object]"
    style="webkit-user-select: none; user-select: none; -webkit-tap-highlight-color: rgba(0, 0, 0, 0);"
  >
    <li
      can-drag="true"
      can-drop="true"
      class="m-list-item m-organize-table-columns__list-item m--is-draggable m--is-droppable"
      style="webkit-user-select: none; user-select: none; -webkit-tap-highlight-color: rgba(0, 0, 0, 0);"
    >
      <div
        class="m-list-item__content"
      >
        <div
          class="m-organize-table-columns__item"
        >
          <div
            class="m-organize-table-columns__item-title"
          >
            <svg
              aria-hidden="true"
              class="m-icon"
              height="20px"
              width="20px"
            >
              <!---->
               
              <use
                aria-hidden="true"
                class=""
              />
            </svg>
             
            <span
              class="m-organize-table-columns__item-title-text"
            >
              
                        Action
                    
            </span>
          </div>
           
          <button
            class="m-icon-button m--is-skin-light m--has-ripple"
            style="width: 20px; height: 20px;"
            type="button"
          >
            <svg
              aria-hidden="true"
              class="m-icon m-icon-button__icon"
              height="20px"
              width="20px"
            >
              <!---->
               
              <use
                aria-hidden="true"
                class=""
              />
            </svg>
             
            <!---->
          </button>
        </div>
      </div>
       
      <!---->
       
      <!---->
       
      <!---->
       
      <!---->
    </li>
    <li
      can-drag="true"
      can-drop="true"
      class="m-list-item m-organize-table-columns__list-item m--is-draggable m--is-droppable"
      style="webkit-user-select: none; user-select: none; -webkit-tap-highlight-color: rgba(0, 0, 0, 0);"
    >
      <div
        class="m-list-item__content"
      >
        <div
          class="m-organize-table-columns__item"
        >
          <div
            class="m-organize-table-columns__item-title"
          >
            <svg
              aria-hidden="true"
              class="m-icon"
              height="20px"
              width="20px"
            >
              <!---->
               
              <use
                aria-hidden="true"
                class=""
              />
            </svg>
             
            <span
              class="m-organize-table-columns__item-title-text"
            >
              
                        Name
                    
            </span>
          </div>
           
          <button
            class="m-icon-button m--is-skin-light m--has-ripple"
            style="width: 20px; height: 20px;"
            type="button"
          >
            <svg
              aria-hidden="true"
              class="m-icon m-icon-button__icon"
              height="20px"
              width="20px"
            >
              <!---->
               
              <use
                aria-hidden="true"
                class=""
              />
            </svg>
             
            <!---->
          </button>
        </div>
      </div>
       
      <!---->
       
      <!---->
       
      <!---->
       
      <!---->
    </li>
    <li
      can-drag="true"
      can-drop="true"
      class="m-list-item m-organize-table-columns__list-item m--is-draggable m--is-droppable"
      style="webkit-user-select: none; user-select: none; -webkit-tap-highlight-color: rgba(0, 0, 0, 0);"
    >
      <div
        class="m-list-item__content"
      >
        <div
          class="m-organize-table-columns__item"
        >
          <div
            class="m-organize-table-columns__item-title"
          >
            <svg
              aria-hidden="true"
              class="m-icon"
              height="20px"
              width="20px"
            >
              <!---->
               
              <use
                aria-hidden="true"
                class=""
              />
            </svg>
             
            <span
              class="m-organize-table-columns__item-title-text"
            >
              
                        Age
                    
            </span>
          </div>
           
          <button
            class="m-icon-button m--is-skin-light m--has-ripple"
            style="width: 20px; height: 20px;"
            type="button"
          >
            <svg
              aria-hidden="true"
              class="m-icon m-icon-button__icon"
              height="20px"
              width="20px"
            >
              <!---->
               
              <use
                aria-hidden="true"
                class=""
              />
            </svg>
             
            <!---->
          </button>
        </div>
      </div>
       
      <!---->
       
      <!---->
       
      <!---->
       
      <!---->
    </li>
    <li
      can-drag="true"
      can-drop="true"
      class="m-list-item m-organize-table-columns__list-item m--is-draggable m--is-droppable"
      style="webkit-user-select: none; user-select: none; -webkit-tap-highlight-color: rgba(0, 0, 0, 0);"
    >
      <div
        class="m-list-item__content"
      >
        <div
          class="m-organize-table-columns__item"
        >
          <div
            class="m-organize-table-columns__item-title"
          >
            <svg
              aria-hidden="true"
              class="m-icon"
              height="20px"
              width="20px"
            >
              <!---->
               
              <use
                aria-hidden="true"
                class=""
              />
            </svg>
             
            <span
              class="m-organize-table-columns__item-title-text"
            >
              
                        Username
                    
            </span>
          </div>
           
          <button
            class="m-icon-button m--is-skin-light m--has-ripple"
            style="width: 20px; height: 20px;"
            type="button"
          >
            <svg
              aria-hidden="true"
              class="m-icon m-icon-button__icon"
              height="20px"
              width="20px"
            >
              <!---->
               
              <use
                aria-hidden="true"
                class=""
              />
            </svg>
             
            <!---->
          </button>
        </div>
      </div>
       
      <!---->
       
      <!---->
       
      <!---->
       
      <!---->
    </li>
    <li
      can-drag="true"
      can-drop="true"
      class="m-list-item m-organize-table-columns__list-item m--is-draggable m--is-droppable"
      style="webkit-user-select: none; user-select: none; -webkit-tap-highlight-color: rgba(0, 0, 0, 0);"
    >
      <div
        class="m-list-item__content"
      >
        <div
          class="m-organize-table-columns__item"
        >
          <div
            class="m-organize-table-columns__item-title"
          >
            <svg
              aria-hidden="true"
              class="m-icon"
              height="20px"
              width="20px"
            >
              <!---->
               
              <use
                aria-hidden="true"
                class=""
              />
            </svg>
             
            <span
              class="m-organize-table-columns__item-title-text"
            >
              
                        Menu
                    
            </span>
          </div>
           
          <button
            class="m-icon-button m--is-skin-light m--has-ripple"
            style="width: 20px; height: 20px;"
            type="button"
          >
            <svg
              aria-hidden="true"
              class="m-icon m-icon-button__icon"
              height="20px"
              width="20px"
            >
              <!---->
               
              <use
                aria-hidden="true"
                class=""
              />
            </svg>
             
            <!---->
          </button>
        </div>
      </div>
       
      <!---->
       
      <!---->
       
      <!---->
       
      <!---->
    </li>
  </ul>
   
  <!---->
</div>
`;

exports[`Storyshots modul-components|m-organize-table-columns Fixed columns 1`] = `
<div
  class="m-organize-table-columns"
>
  <div
    class="m-organize-table-columns__header"
  >
    <h2
      class="m-organize-table-columns__title"
    >
      Ajouter des%(_NBSP_)scolonnes au%(_NBSP_)stableau, puis%(_NBSP_)sorganisez-les
    </h2>
     
    <p>
      Colonnes sélectionnées (5)
    </p>
  </div>
   
  <ul
    class="m-organize-table-columns__visible-columns m--is-sortable m--is-droppable"
    items="[object Object],[object Object],[object Object],[object Object],[object Object]"
    style="webkit-user-select: none; user-select: none; -webkit-tap-highlight-color: rgba(0, 0, 0, 0);"
  >
    <li
      can-drag="false"
      can-drop="false"
      class="m-list-item m-organize-table-columns__list-item m--is-disabled m--is-droppable"
      style="webkit-user-select: none; user-select: none; -webkit-tap-highlight-color: rgba(0, 0, 0, 0);"
    >
      <div
        class="m-list-item__content"
      >
        <div
          class="m-organize-table-columns__item"
        >
          <div
            class="m-organize-table-columns__item-title"
          >
            <svg
              aria-hidden="true"
              class="m-icon"
              height="20px"
              width="20px"
            >
              <!---->
               
              <use
                aria-hidden="true"
                class=""
              />
            </svg>
             
            <span
              class="m-organize-table-columns__item-title-text"
            >
              
                        Action
                    
            </span>
          </div>
           
          <!---->
        </div>
      </div>
       
      <!---->
    </li>
    <li
      can-drag="false"
      can-drop="false"
      class="m-list-item m-organize-table-columns__list-item m--is-disabled m--is-droppable"
      style="webkit-user-select: none; user-select: none; -webkit-tap-highlight-color: rgba(0, 0, 0, 0);"
    >
      <div
        class="m-list-item__content"
      >
        <div
          class="m-organize-table-columns__item"
        >
          <div
            class="m-organize-table-columns__item-title"
          >
            <svg
              aria-hidden="true"
              class="m-icon"
              height="20px"
              width="20px"
            >
              <!---->
               
              <use
                aria-hidden="true"
                class=""
              />
            </svg>
             
            <span
              class="m-organize-table-columns__item-title-text"
            >
              
                        Name
                    
            </span>
          </div>
           
          <!---->
        </div>
      </div>
       
      <!---->
    </li>
    <li
      can-drag="true"
      can-drop="true"
      class="m-list-item m-organize-table-columns__list-item m--is-draggable m--is-droppable"
      style="webkit-user-select: none; user-select: none; -webkit-tap-highlight-color: rgba(0, 0, 0, 0);"
    >
      <div
        class="m-list-item__content"
      >
        <div
          class="m-organize-table-columns__item"
        >
          <div
            class="m-organize-table-columns__item-title"
          >
            <svg
              aria-hidden="true"
              class="m-icon"
              height="20px"
              width="20px"
            >
              <!---->
               
              <use
                aria-hidden="true"
                class=""
              />
            </svg>
             
            <span
              class="m-organize-table-columns__item-title-text"
            >
              
                        Age
                    
            </span>
          </div>
           
          <button
            class="m-icon-button m--is-skin-light m--has-ripple"
            style="width: 20px; height: 20px;"
            type="button"
          >
            <svg
              aria-hidden="true"
              class="m-icon m-icon-button__icon"
              height="20px"
              width="20px"
            >
              <!---->
               
              <use
                aria-hidden="true"
                class=""
              />
            </svg>
             
            <!---->
          </button>
        </div>
      </div>
       
      <!---->
       
      <!---->
       
      <!---->
       
      <!---->
    </li>
    <li
      can-drag="true"
      can-drop="true"
      class="m-list-item m-organize-table-columns__list-item m--is-draggable m--is-droppable"
      style="webkit-user-select: none; user-select: none; -webkit-tap-highlight-color: rgba(0, 0, 0, 0);"
    >
      <div
        class="m-list-item__content"
      >
        <div
          class="m-organize-table-columns__item"
        >
          <div
            class="m-organize-table-columns__item-title"
          >
            <svg
              aria-hidden="true"
              class="m-icon"
              height="20px"
              width="20px"
            >
              <!---->
               
              <use
                aria-hidden="true"
                class=""
              />
            </svg>
             
            <span
              class="m-organize-table-columns__item-title-text"
            >
              
                        Username
                    
            </span>
          </div>
           
          <button
            class="m-icon-button m--is-skin-light m--has-ripple"
            style="width: 20px; height: 20px;"
            type="button"
          >
            <svg
              aria-hidden="true"
              class="m-icon m-icon-button__icon"
              height="20px"
              width="20px"
            >
              <!---->
               
              <use
                aria-hidden="true"
                class=""
              />
            </svg>
             
            <!---->
          </button>
        </div>
      </div>
       
      <!---->
       
      <!---->
       
      <!---->
       
      <!---->
    </li>
    <li
      can-drag="true"
      can-drop="true"
      class="m-list-item m-organize-table-columns__list-item m--is-draggable m--is-droppable"
      style="webkit-user-select: none; user-select: none; -webkit-tap-highlight-color: rgba(0, 0, 0, 0);"
    >
      <div
        class="m-list-item__content"
      >
        <div
          class="m-organize-table-columns__item"
        >
          <div
            class="m-organize-table-columns__item-title"
          >
            <svg
              aria-hidden="true"
              class="m-icon"
              height="20px"
              width="20px"
            >
              <!---->
               
              <use
                aria-hidden="true"
                class=""
              />
            </svg>
             
            <span
              class="m-organize-table-columns__item-title-text"
            >
              
                        Menu
                    
            </span>
          </div>
           
          <button
            class="m-icon-button m--is-skin-light m--has-ripple"
            style="width: 20px; height: 20px;"
            type="button"
          >
            <svg
              aria-hidden="true"
              class="m-icon m-icon-button__icon"
              height="20px"
              width="20px"
            >
              <!---->
               
              <use
                aria-hidden="true"
                class=""
              />
            </svg>
             
            <!---->
          </button>
        </div>
      </div>
       
      <!---->
       
      <!---->
       
      <!---->
       
      <!---->
    </li>
  </ul>
   
  <!---->
</div>
`;

exports[`Storyshots modul-components|m-organize-table-columns Hidden columns 1`] = `
<div
  class="m-organize-table-columns"
>
  <div
    class="m-organize-table-columns__header"
  >
    <h2
      class="m-organize-table-columns__title"
    >
      Ajouter des%(_NBSP_)scolonnes au%(_NBSP_)stableau, puis%(_NBSP_)sorganisez-les
    </h2>
     
    <p>
      Colonnes sélectionnées (4)
    </p>
  </div>
   
  <ul
    class="m-organize-table-columns__visible-columns m--is-sortable m--is-droppable"
    items="[object Object],[object Object],[object Object],[object Object]"
    style="webkit-user-select: none; user-select: none; -webkit-tap-highlight-color: rgba(0, 0, 0, 0);"
  >
    <li
      can-drag="true"
      can-drop="true"
      class="m-list-item m-organize-table-columns__list-item m--is-draggable m--is-droppable"
      style="webkit-user-select: none; user-select: none; -webkit-tap-highlight-color: rgba(0, 0, 0, 0);"
    >
      <div
        class="m-list-item__content"
      >
        <div
          class="m-organize-table-columns__item"
        >
          <div
            class="m-organize-table-columns__item-title"
          >
            <svg
              aria-hidden="true"
              class="m-icon"
              height="20px"
              width="20px"
            >
              <!---->
               
              <use
                aria-hidden="true"
                class=""
              />
            </svg>
             
            <span
              class="m-organize-table-columns__item-title-text"
            >
              
                        Action
                    
            </span>
          </div>
           
          <button
            class="m-icon-button m--is-skin-light m--has-ripple"
            style="width: 20px; height: 20px;"
            type="button"
          >
            <svg
              aria-hidden="true"
              class="m-icon m-icon-button__icon"
              height="20px"
              width="20px"
            >
              <!---->
               
              <use
                aria-hidden="true"
                class=""
              />
            </svg>
             
            <!---->
          </button>
        </div>
      </div>
       
      <!---->
       
      <!---->
       
      <!---->
       
      <!---->
    </li>
    <li
      can-drag="true"
      can-drop="true"
      class="m-list-item m-organize-table-columns__list-item m--is-draggable m--is-droppable"
      style="webkit-user-select: none; user-select: none; -webkit-tap-highlight-color: rgba(0, 0, 0, 0);"
    >
      <div
        class="m-list-item__content"
      >
        <div
          class="m-organize-table-columns__item"
        >
          <div
            class="m-organize-table-columns__item-title"
          >
            <svg
              aria-hidden="true"
              class="m-icon"
              height="20px"
              width="20px"
            >
              <!---->
               
              <use
                aria-hidden="true"
                class=""
              />
            </svg>
             
            <span
              class="m-organize-table-columns__item-title-text"
            >
              
                        Name
                    
            </span>
          </div>
           
          <button
            class="m-icon-button m--is-skin-light m--has-ripple"
            style="width: 20px; height: 20px;"
            type="button"
          >
            <svg
              aria-hidden="true"
              class="m-icon m-icon-button__icon"
              height="20px"
              width="20px"
            >
              <!---->
               
              <use
                aria-hidden="true"
                class=""
              />
            </svg>
             
            <!---->
          </button>
        </div>
      </div>
       
      <!---->
       
      <!---->
       
      <!---->
       
      <!---->
    </li>
    <li
      can-drag="true"
      can-drop="true"
      class="m-list-item m-organize-table-columns__list-item m--is-draggable m--is-droppable"
      style="webkit-user-select: none; user-select: none; -webkit-tap-highlight-color: rgba(0, 0, 0, 0);"
    >
      <div
        class="m-list-item__content"
      >
        <div
          class="m-organize-table-columns__item"
        >
          <div
            class="m-organize-table-columns__item-title"
          >
            <svg
              aria-hidden="true"
              class="m-icon"
              height="20px"
              width="20px"
            >
              <!---->
               
              <use
                aria-hidden="true"
                class=""
              />
            </svg>
             
            <span
              class="m-organize-table-columns__item-title-text"
            >
              
                        Username
                    
            </span>
          </div>
           
          <button
            class="m-icon-button m--is-skin-light m--has-ripple"
            style="width: 20px; height: 20px;"
            type="button"
          >
            <svg
              aria-hidden="true"
              class="m-icon m-icon-button__icon"
              height="20px"
              width="20px"
            >
              <!---->
               
              <use
                aria-hidden="true"
                class=""
              />
            </svg>
             
            <!---->
          </button>
        </div>
      </div>
       
      <!---->
       
      <!---->
       
      <!---->
       
      <!---->
    </li>
    <li
      can-drag="true"
      can-drop="true"
      class="m-list-item m-organize-table-columns__list-item m--is-draggable m--is-droppable"
      style="webkit-user-select: none; user-select: none; -webkit-tap-highlight-color: rgba(0, 0, 0, 0);"
    >
      <div
        class="m-list-item__content"
      >
        <div
          class="m-organize-table-columns__item"
        >
          <div
            class="m-organize-table-columns__item-title"
          >
            <svg
              aria-hidden="true"
              class="m-icon"
              height="20px"
              width="20px"
            >
              <!---->
               
              <use
                aria-hidden="true"
                class=""
              />
            </svg>
             
            <span
              class="m-organize-table-columns__item-title-text"
            >
              
                        Menu
                    
            </span>
          </div>
           
          <button
            class="m-icon-button m--is-skin-light m--has-ripple"
            style="width: 20px; height: 20px;"
            type="button"
          >
            <svg
              aria-hidden="true"
              class="m-icon m-icon-button__icon"
              height="20px"
              width="20px"
            >
              <!---->
               
              <use
                aria-hidden="true"
                class=""
              />
            </svg>
             
            <!---->
          </button>
        </div>
      </div>
       
      <!---->
       
      <!---->
       
      <!---->
       
      <!---->
    </li>
  </ul>
   
  <div
    class="m-organize-table-columns__header"
  >
    <p>
      Colonnes disponibles
    </p>
  </div>
   
  <ul
    class="m-organize-table-columns__hidden-columns"
  >
    <li
      class="m-list-item m-organize-table-columns__list-item"
    >
      <div
        class="m-list-item__content"
      >
        <div
          class="m-organize-table-columns__item"
        >
          <div
            class="m-organize-table-columns__item-title"
          >
            <span
              class="m-organize-table-columns__item-title-text"
            >
              
                            Age
                        
            </span>
          </div>
           
          <a
            class="m-link m-add m--is-unvisited m--is-button m--has-left-icon"
            href="#"
            role="button"
            tabindex="0"
            title="Ajouter la%(_NBSP_)scolonne"
          >
            <svg
              aria-hidden="true"
              class="m-icon m-link__icon"
              height="24px"
              width="24px"
            >
              <!---->
               
              <use
                aria-hidden="true"
                class=""
              />
            </svg>
             
            <span
              class="m-link__text"
            />
             
            <!---->
          </a>
        </div>
      </div>
       
      <!---->
       
      <!---->
       
      <!---->
       
      <!---->
    </li>
  </ul>
</div>
`;

exports[`Storyshots modul-components|m-organize-table-columns Ignore columns 1`] = `
<div
  class="m-organize-table-columns"
>
  <div
    class="m-organize-table-columns__header"
  >
    <h2
      class="m-organize-table-columns__title"
    >
      Ajouter des%(_NBSP_)scolonnes au%(_NBSP_)stableau, puis%(_NBSP_)sorganisez-les
    </h2>
     
    <p>
      Colonnes sélectionnées (4)
    </p>
  </div>
   
  <ul
    class="m-organize-table-columns__visible-columns m--is-sortable m--is-droppable"
    items="[object Object],[object Object],[object Object],[object Object]"
    style="webkit-user-select: none; user-select: none; -webkit-tap-highlight-color: rgba(0, 0, 0, 0);"
  >
    <li
      can-drag="true"
      can-drop="true"
      class="m-list-item m-organize-table-columns__list-item m--is-draggable m--is-droppable"
      style="webkit-user-select: none; user-select: none; -webkit-tap-highlight-color: rgba(0, 0, 0, 0);"
    >
      <div
        class="m-list-item__content"
      >
        <div
          class="m-organize-table-columns__item"
        >
          <div
            class="m-organize-table-columns__item-title"
          >
            <svg
              aria-hidden="true"
              class="m-icon"
              height="20px"
              width="20px"
            >
              <!---->
               
              <use
                aria-hidden="true"
                class=""
              />
            </svg>
             
            <span
              class="m-organize-table-columns__item-title-text"
            >
              
                        Action
                    
            </span>
          </div>
           
          <button
            class="m-icon-button m--is-skin-light m--has-ripple"
            style="width: 20px; height: 20px;"
            type="button"
          >
            <svg
              aria-hidden="true"
              class="m-icon m-icon-button__icon"
              height="20px"
              width="20px"
            >
              <!---->
               
              <use
                aria-hidden="true"
                class=""
              />
            </svg>
             
            <!---->
          </button>
        </div>
      </div>
       
      <!---->
       
      <!---->
       
      <!---->
       
      <!---->
    </li>
    <li
      can-drag="true"
      can-drop="true"
      class="m-list-item m-organize-table-columns__list-item m--is-draggable m--is-droppable"
      style="webkit-user-select: none; user-select: none; -webkit-tap-highlight-color: rgba(0, 0, 0, 0);"
    >
      <div
        class="m-list-item__content"
      >
        <div
          class="m-organize-table-columns__item"
        >
          <div
            class="m-organize-table-columns__item-title"
          >
            <svg
              aria-hidden="true"
              class="m-icon"
              height="20px"
              width="20px"
            >
              <!---->
               
              <use
                aria-hidden="true"
                class=""
              />
            </svg>
             
            <span
              class="m-organize-table-columns__item-title-text"
            >
              
                        Name
                    
            </span>
          </div>
           
          <button
            class="m-icon-button m--is-skin-light m--has-ripple"
            style="width: 20px; height: 20px;"
            type="button"
          >
            <svg
              aria-hidden="true"
              class="m-icon m-icon-button__icon"
              height="20px"
              width="20px"
            >
              <!---->
               
              <use
                aria-hidden="true"
                class=""
              />
            </svg>
             
            <!---->
          </button>
        </div>
      </div>
       
      <!---->
       
      <!---->
       
      <!---->
       
      <!---->
    </li>
    <li
      can-drag="true"
      can-drop="true"
      class="m-list-item m-organize-table-columns__list-item m--is-draggable m--is-droppable"
      style="webkit-user-select: none; user-select: none; -webkit-tap-highlight-color: rgba(0, 0, 0, 0);"
    >
      <div
        class="m-list-item__content"
      >
        <div
          class="m-organize-table-columns__item"
        >
          <div
            class="m-organize-table-columns__item-title"
          >
            <svg
              aria-hidden="true"
              class="m-icon"
              height="20px"
              width="20px"
            >
              <!---->
               
              <use
                aria-hidden="true"
                class=""
              />
            </svg>
             
            <span
              class="m-organize-table-columns__item-title-text"
            >
              
                        Username
                    
            </span>
          </div>
           
          <button
            class="m-icon-button m--is-skin-light m--has-ripple"
            style="width: 20px; height: 20px;"
            type="button"
          >
            <svg
              aria-hidden="true"
              class="m-icon m-icon-button__icon"
              height="20px"
              width="20px"
            >
              <!---->
               
              <use
                aria-hidden="true"
                class=""
              />
            </svg>
             
            <!---->
          </button>
        </div>
      </div>
       
      <!---->
       
      <!---->
       
      <!---->
       
      <!---->
    </li>
    <li
      can-drag="true"
      can-drop="true"
      class="m-list-item m-organize-table-columns__list-item m--is-draggable m--is-droppable"
      style="webkit-user-select: none; user-select: none; -webkit-tap-highlight-color: rgba(0, 0, 0, 0);"
    >
      <div
        class="m-list-item__content"
      >
        <div
          class="m-organize-table-columns__item"
        >
          <div
            class="m-organize-table-columns__item-title"
          >
            <svg
              aria-hidden="true"
              class="m-icon"
              height="20px"
              width="20px"
            >
              <!---->
               
              <use
                aria-hidden="true"
                class=""
              />
            </svg>
             
            <span
              class="m-organize-table-columns__item-title-text"
            >
              
                        Menu
                    
            </span>
          </div>
           
          <button
            class="m-icon-button m--is-skin-light m--has-ripple"
            style="width: 20px; height: 20px;"
            type="button"
          >
            <svg
              aria-hidden="true"
              class="m-icon m-icon-button__icon"
              height="20px"
              width="20px"
            >
              <!---->
               
              <use
                aria-hidden="true"
                class=""
              />
            </svg>
             
            <!---->
          </button>
        </div>
      </div>
       
      <!---->
       
      <!---->
       
      <!---->
       
      <!---->
    </li>
  </ul>
   
  <!---->
</div>
`;
