// Jest Snapshot v1, https://goo.gl/fbAQLP

exports[`Storyshots modul-components|m-rich-text-editor Sandbox 1`] = `
<div
  class="m-sandboxes"
>
  <m-rich-text-editor-sandbox />
</div>
`;
