// Jest Snapshot v1, https://goo.gl/fbAQLP

exports[`Storyshots modul-components|m-accordion-group/disabled All Children Disabled 1`] = `
<article
  class="m-accordion-group"
>
  <div
    class="m-accordion-group__header m--no-title"
  >
    <!---->
     
    <div
      class="m-accordion-group__secondary-content"
    >
       
      <!---->
    </div>
  </div>
   
  <div
    class="m-accordion-group__body"
  >
    <article
      class="m-accordion m--is-default m--is-closed m--is-disabled m--has-icon-left m--has-icon-large"
    >
      <div
        aria-controls="fakeId-body-wrap"
        class="m-accordion__header m--has-padding"
        id="fakeId"
        role="tab"
      >
        <div
          class="m-accordion__header-content"
        >
          <h3>
            An Accordion Title
          </h3>
           
          <span
            class="m-i18n m-accordion__hidden"
          >
            Cliquer pour afficher le contenu
          </span>
           
          <!---->
        </div>
         
        <span
          aria-hidden="true"
          class="m-plus m-accordion__header-icon m--is-skin-default m--is-large m--is-left"
          title="Cliquer pour afficher le contenu"
        />
      </div>
       
      <!---->
    </article>
     
    <article
      class="m-accordion m--is-default m--is-closed m--is-disabled m--has-icon-left m--has-icon-large"
    >
      <div
        aria-controls="fakeId-body-wrap"
        class="m-accordion__header m--has-padding"
        id="fakeId"
        role="tab"
      >
        <div
          class="m-accordion__header-content"
        >
          <h3>
            An Accordion Title
          </h3>
           
          <span
            class="m-i18n m-accordion__hidden"
          >
            Cliquer pour afficher le contenu
          </span>
           
          <!---->
        </div>
         
        <span
          aria-hidden="true"
          class="m-plus m-accordion__header-icon m--is-skin-default m--is-large m--is-left"
          title="Cliquer pour afficher le contenu"
        />
      </div>
       
      <!---->
    </article>
     
    <article
      class="m-accordion m--is-default m--is-closed m--is-disabled m--has-icon-left m--has-icon-large"
    >
      <div
        aria-controls="fakeId-body-wrap"
        class="m-accordion__header m--has-padding"
        id="fakeId"
        role="tab"
      >
        <div
          class="m-accordion__header-content"
        >
          <h3>
            An Accordion Title
          </h3>
           
          <span
            class="m-i18n m-accordion__hidden"
          >
            Cliquer pour afficher le contenu
          </span>
           
          <!---->
        </div>
         
        <span
          aria-hidden="true"
          class="m-plus m-accordion__header-icon m--is-skin-default m--is-large m--is-left"
          title="Cliquer pour afficher le contenu"
        />
      </div>
       
      <!---->
    </article>
  </div>
</article>
`;

exports[`Storyshots modul-components|m-accordion-group/disabled All Children Enabled 1`] = `
<article
  class="m-accordion-group"
>
  <div
    class="m-accordion-group__header m--no-title"
  >
    <!---->
     
    <div
      class="m-accordion-group__secondary-content"
    >
       
      <!---->
    </div>
  </div>
   
  <div
    class="m-accordion-group__body"
  >
    <article
      class="m-accordion m--is-default m--is-closed m--is-disabled m--has-icon-left m--has-icon-large"
    >
      <div
        aria-controls="fakeId-body-wrap"
        class="m-accordion__header m--has-padding"
        id="fakeId"
        role="tab"
      >
        <div
          class="m-accordion__header-content"
        >
          <h3>
            An Accordion Title
          </h3>
           
          <span
            class="m-i18n m-accordion__hidden"
          >
            Cliquer pour afficher le contenu
          </span>
           
          <!---->
        </div>
         
        <span
          aria-hidden="true"
          class="m-plus m-accordion__header-icon m--is-skin-default m--is-large m--is-left"
          title="Cliquer pour afficher le contenu"
        />
      </div>
       
      <!---->
    </article>
     
    <article
      class="m-accordion m--is-default m--is-closed m--is-disabled m--has-icon-left m--has-icon-large"
    >
      <div
        aria-controls="fakeId-body-wrap"
        class="m-accordion__header m--has-padding"
        id="fakeId"
        role="tab"
      >
        <div
          class="m-accordion__header-content"
        >
          <h3>
            An Accordion Title
          </h3>
           
          <span
            class="m-i18n m-accordion__hidden"
          >
            Cliquer pour afficher le contenu
          </span>
           
          <!---->
        </div>
         
        <span
          aria-hidden="true"
          class="m-plus m-accordion__header-icon m--is-skin-default m--is-large m--is-left"
          title="Cliquer pour afficher le contenu"
        />
      </div>
       
      <!---->
    </article>
     
    <article
      class="m-accordion m--is-default m--is-closed m--is-disabled m--has-icon-left m--has-icon-large"
    >
      <div
        aria-controls="fakeId-body-wrap"
        class="m-accordion__header m--has-padding"
        id="fakeId"
        role="tab"
      >
        <div
          class="m-accordion__header-content"
        >
          <h3>
            An Accordion Title
          </h3>
           
          <span
            class="m-i18n m-accordion__hidden"
          >
            Cliquer pour afficher le contenu
          </span>
           
          <!---->
        </div>
         
        <span
          aria-hidden="true"
          class="m-plus m-accordion__header-icon m--is-skin-default m--is-large m--is-left"
          title="Cliquer pour afficher le contenu"
        />
      </div>
       
      <!---->
    </article>
  </div>
</article>
`;

exports[`Storyshots modul-components|m-accordion-group/disabled All Children Mixed 1`] = `
<article
  class="m-accordion-group"
>
  <div
    class="m-accordion-group__header m--no-title"
  >
    <!---->
     
    <div
      class="m-accordion-group__secondary-content"
    >
       
      <!---->
    </div>
  </div>
   
  <div
    class="m-accordion-group__body"
  >
    <article
      class="m-accordion m--is-default m--is-closed m--is-disabled m--has-icon-left m--has-icon-large"
    >
      <div
        aria-controls="fakeId-body-wrap"
        class="m-accordion__header m--has-padding"
        id="fakeId"
        role="tab"
      >
        <div
          class="m-accordion__header-content"
        >
          <h3>
            An Accordion Title
          </h3>
           
          <span
            class="m-i18n m-accordion__hidden"
          >
            Cliquer pour afficher le contenu
          </span>
           
          <!---->
        </div>
         
        <span
          aria-hidden="true"
          class="m-plus m-accordion__header-icon m--is-skin-default m--is-large m--is-left"
          title="Cliquer pour afficher le contenu"
        />
      </div>
       
      <!---->
    </article>
     
    <article
      class="m-accordion m--is-default m--is-closed m--is-disabled m--has-icon-left m--has-icon-large"
    >
      <div
        aria-controls="fakeId-body-wrap"
        class="m-accordion__header m--has-padding"
        id="fakeId"
        role="tab"
      >
        <div
          class="m-accordion__header-content"
        >
          <h3>
            An Accordion Title
          </h3>
           
          <span
            class="m-i18n m-accordion__hidden"
          >
            Cliquer pour afficher le contenu
          </span>
           
          <!---->
        </div>
         
        <span
          aria-hidden="true"
          class="m-plus m-accordion__header-icon m--is-skin-default m--is-large m--is-left"
          title="Cliquer pour afficher le contenu"
        />
      </div>
       
      <!---->
    </article>
     
    <article
      class="m-accordion m--is-default m--is-closed m--is-disabled m--has-icon-left m--has-icon-large"
    >
      <div
        aria-controls="fakeId-body-wrap"
        class="m-accordion__header m--has-padding"
        id="fakeId"
        role="tab"
      >
        <div
          class="m-accordion__header-content"
        >
          <h3>
            An Accordion Title
          </h3>
           
          <span
            class="m-i18n m-accordion__hidden"
          >
            Cliquer pour afficher le contenu
          </span>
           
          <!---->
        </div>
         
        <span
          aria-hidden="true"
          class="m-plus m-accordion__header-icon m--is-skin-default m--is-large m--is-left"
          title="Cliquer pour afficher le contenu"
        />
      </div>
       
      <!---->
    </article>
  </div>
</article>
`;
