// Jest Snapshot v1, https://goo.gl/fbAQLP

exports[`Storyshots modul-components|/m-address/m-address-autocomplete-field default 1`] = `
<div>
  <div>
    <div
      class="m-address-autocomplete-field"
    >
      <!---->
       
      <!---->
    </div>
  </div>
   
  <div
    style="border-top: 1px solid #000; margin-top: 50px;"
  >
    Address from autocomplete field : {}
  </div>
   
  <div>
    <a>
      clear result
    </a>
  </div>
</div>
`;
