// Jest Snapshot v1, https://goo.gl/fbAQLP

exports[`Storyshots modul-components|m-periodpicker default 1`] = `
<div>
  <m-periodpicker />
   
  <br />
  <br />
  model value = {}
                    
</div>
`;
