// Jest Snapshot v1, https://goo.gl/fbAQLP

exports[`Storyshots modul-components|f-m-time-elapsed Default 1`] = `
<div>
  <div>
    Date choisi : 
    <span>
      mock-date-prototype-toLocaleDateString-{"year":"numeric","month":"long","day":"numeric"} à mock-intl-dateTimeFormat-{"hour":"numeric"}}
    </span>
  </div>
   
  <div>
    Resultat : 
    <span>
      mock-date-prototype-toLocaleDateString-{"year":"numeric","month":"short","day":"numeric"}
    </span>
  </div>
</div>
`;
