// Jest Snapshot v1, https://goo.gl/fbAQLP

exports[`Storyshots modul-components|m-svg Prop Custom Svg 1`] = `<!---->`;

exports[`Storyshots modul-components|m-svg Prop Height 1`] = `<!---->`;

exports[`Storyshots modul-components|m-svg Prop Svg Title 1`] = `<!---->`;

exports[`Storyshots modul-components|m-svg Prop Width 1`] = `<!---->`;

exports[`Storyshots modul-components|m-svg sandbox 1`] = `<!---->`;
