// Jest Snapshot v1, https://goo.gl/fbAQLP

exports[`Storyshots modul-components|m-dialog/sandboxes Dialog Service 1`] = `
<div
  class="m-sandboxes"
>
  <m-dialog-service-sandbox />
</div>
`;
