// Jest Snapshot v1, https://goo.gl/fbAQLP

exports[`Storyshots modul-components|f-m-phone Default 1`] = `
<div>
  <div>
    Phone number : 
    <span>
      +14185479029
    </span>
  </div>
   
  <div>
    Result : 
    <span>
      +1 418 547 9029
    </span>
  </div>
</div>
`;
