// Jest Snapshot v1, https://goo.gl/fbAQLP

exports[`Storyshots modul-components|m-powered-by-google default 1`] = `
<div>
  <img
    alt="powered-by-google"
    class="m-powered-by-google"
  />
</div>
`;
