// Jest Snapshot v1, https://goo.gl/fbAQLP

exports[`Storyshots modul-components|/address/m-address-lookup-field default 1`] = `<!---->`;
